
> build
> vite build

vite v6.4.2 building for production...
transforming...
✓ 2404 modules transformed.
rendering chunks...
computing gzip size...
dist/index.html                             1.32 kB │ gzip:   0.59 kB
dist/assets/chart-pie-DEFRWvME.js           0.46 kB │ gzip:   0.33 kB
dist/assets/x-ChcnIeGy.js                   1.44 kB │ gzip:   0.51 kB
dist/assets/createLucideIcon-C54tRijG.js    1.58 kB │ gzip:   0.66 kB
dist/assets/shield-jloSN3KN.js              2.05 kB │ gzip:   0.74 kB
dist/assets/index-0k9Bpb-d.js               3.06 kB │ gzip:   0.92 kB
dist/assets/spinner-BJvQwTgV.js             3.19 kB │ gzip:   1.49 kB
dist/assets/index-B6H5RgAj.js               3.32 kB │ gzip:   1.45 kB
dist/assets/register-C3hBdB8n.js            4.21 kB │ gzip:   1.31 kB
dist/assets/landing-CLT0ZPOW.js             8.11 kB │ gzip:   2.70 kB
dist/assets/login-Dmafn527.js              13.03 kB │ gzip:   4.67 kB
dist/assets/welcome-DpdFmm68.js            14.71 kB │ gzip:   4.24 kB
dist/assets/button-C-G5vgxZ.js             32.07 kB │ gzip:  10.62 kB
dist/assets/index-DNg4XGAr.js             280.01 kB │ gzip:  92.57 kB
dist/assets/dashboard-C0PKLQhe.js         438.09 kB │ gzip: 128.41 kB
✓ built in 5.52s
